edges
| HTMLTemplateEscapingPassthrough.go:28:12:28:41 | type conversion : string | HTMLTemplateEscapingPassthrough.go:29:39:29:39 | a |
| HTMLTemplateEscapingPassthrough.go:28:26:28:40 | call to UserAgent : string | HTMLTemplateEscapingPassthrough.go:28:12:28:41 | type conversion : string |
| HTMLTemplateEscapingPassthrough.go:34:9:34:38 | type conversion : string | HTMLTemplateEscapingPassthrough.go:35:40:35:40 | a |
| HTMLTemplateEscapingPassthrough.go:34:23:34:37 | call to UserAgent : string | HTMLTemplateEscapingPassthrough.go:34:9:34:38 | type conversion : string |
| HTMLTemplateEscapingPassthrough.go:39:9:39:34 | type conversion : string | HTMLTemplateEscapingPassthrough.go:40:40:40:40 | a |
| HTMLTemplateEscapingPassthrough.go:39:19:39:33 | call to UserAgent : string | HTMLTemplateEscapingPassthrough.go:39:9:39:34 | type conversion : string |
| HTMLTemplateEscapingPassthrough.go:45:11:45:44 | type conversion : string | HTMLTemplateEscapingPassthrough.go:46:41:46:41 | c |
| HTMLTemplateEscapingPassthrough.go:45:29:45:43 | call to UserAgent : string | HTMLTemplateEscapingPassthrough.go:45:11:45:44 | type conversion : string |
| HTMLTemplateEscapingPassthrough.go:49:11:49:38 | type conversion : string | HTMLTemplateEscapingPassthrough.go:50:44:50:44 | d |
| HTMLTemplateEscapingPassthrough.go:49:23:49:37 | call to UserAgent : string | HTMLTemplateEscapingPassthrough.go:49:11:49:38 | type conversion : string |
| HTMLTemplateEscapingPassthrough.go:53:11:53:41 | type conversion : string | HTMLTemplateEscapingPassthrough.go:54:44:54:44 | e |
| HTMLTemplateEscapingPassthrough.go:53:26:53:40 | call to UserAgent : string | HTMLTemplateEscapingPassthrough.go:53:11:53:41 | type conversion : string |
| HTMLTemplateEscapingPassthrough.go:57:11:57:39 | type conversion : string | HTMLTemplateEscapingPassthrough.go:58:38:58:38 | b |
| HTMLTemplateEscapingPassthrough.go:57:24:57:38 | call to UserAgent : string | HTMLTemplateEscapingPassthrough.go:57:11:57:39 | type conversion : string |
| HTMLTemplateEscapingPassthrough.go:61:11:61:42 | type conversion : string | HTMLTemplateEscapingPassthrough.go:62:44:62:44 | f |
| HTMLTemplateEscapingPassthrough.go:61:27:61:41 | call to UserAgent : string | HTMLTemplateEscapingPassthrough.go:61:11:61:42 | type conversion : string |
| HTMLTemplateEscapingPassthrough.go:65:11:65:39 | type conversion : string | HTMLTemplateEscapingPassthrough.go:66:38:66:38 | g |
| HTMLTemplateEscapingPassthrough.go:65:24:65:38 | call to UserAgent : string | HTMLTemplateEscapingPassthrough.go:65:11:65:39 | type conversion : string |
| HTMLTemplateEscapingPassthrough.go:74:17:74:31 | call to UserAgent : string | HTMLTemplateEscapingPassthrough.go:75:38:75:44 | escaped |
| HTMLTemplateEscapingPassthrough.go:80:10:80:24 | call to UserAgent : string | HTMLTemplateEscapingPassthrough.go:83:38:83:40 | src |
nodes
| HTMLTemplateEscapingPassthrough.go:28:12:28:41 | type conversion : string | semmle.label | type conversion : string |
| HTMLTemplateEscapingPassthrough.go:28:26:28:40 | call to UserAgent : string | semmle.label | call to UserAgent : string |
| HTMLTemplateEscapingPassthrough.go:29:39:29:39 | a | semmle.label | a |
| HTMLTemplateEscapingPassthrough.go:34:9:34:38 | type conversion : string | semmle.label | type conversion : string |
| HTMLTemplateEscapingPassthrough.go:34:23:34:37 | call to UserAgent : string | semmle.label | call to UserAgent : string |
| HTMLTemplateEscapingPassthrough.go:35:40:35:40 | a | semmle.label | a |
| HTMLTemplateEscapingPassthrough.go:39:9:39:34 | type conversion : string | semmle.label | type conversion : string |
| HTMLTemplateEscapingPassthrough.go:39:19:39:33 | call to UserAgent : string | semmle.label | call to UserAgent : string |
| HTMLTemplateEscapingPassthrough.go:40:40:40:40 | a | semmle.label | a |
| HTMLTemplateEscapingPassthrough.go:45:11:45:44 | type conversion : string | semmle.label | type conversion : string |
| HTMLTemplateEscapingPassthrough.go:45:29:45:43 | call to UserAgent : string | semmle.label | call to UserAgent : string |
| HTMLTemplateEscapingPassthrough.go:46:41:46:41 | c | semmle.label | c |
| HTMLTemplateEscapingPassthrough.go:49:11:49:38 | type conversion : string | semmle.label | type conversion : string |
| HTMLTemplateEscapingPassthrough.go:49:23:49:37 | call to UserAgent : string | semmle.label | call to UserAgent : string |
| HTMLTemplateEscapingPassthrough.go:50:44:50:44 | d | semmle.label | d |
| HTMLTemplateEscapingPassthrough.go:53:11:53:41 | type conversion : string | semmle.label | type conversion : string |
| HTMLTemplateEscapingPassthrough.go:53:26:53:40 | call to UserAgent : string | semmle.label | call to UserAgent : string |
| HTMLTemplateEscapingPassthrough.go:54:44:54:44 | e | semmle.label | e |
| HTMLTemplateEscapingPassthrough.go:57:11:57:39 | type conversion : string | semmle.label | type conversion : string |
| HTMLTemplateEscapingPassthrough.go:57:24:57:38 | call to UserAgent : string | semmle.label | call to UserAgent : string |
| HTMLTemplateEscapingPassthrough.go:58:38:58:38 | b | semmle.label | b |
| HTMLTemplateEscapingPassthrough.go:61:11:61:42 | type conversion : string | semmle.label | type conversion : string |
| HTMLTemplateEscapingPassthrough.go:61:27:61:41 | call to UserAgent : string | semmle.label | call to UserAgent : string |
| HTMLTemplateEscapingPassthrough.go:62:44:62:44 | f | semmle.label | f |
| HTMLTemplateEscapingPassthrough.go:65:11:65:39 | type conversion : string | semmle.label | type conversion : string |
| HTMLTemplateEscapingPassthrough.go:65:24:65:38 | call to UserAgent : string | semmle.label | call to UserAgent : string |
| HTMLTemplateEscapingPassthrough.go:66:38:66:38 | g | semmle.label | g |
| HTMLTemplateEscapingPassthrough.go:74:17:74:31 | call to UserAgent : string | semmle.label | call to UserAgent : string |
| HTMLTemplateEscapingPassthrough.go:75:38:75:44 | escaped | semmle.label | escaped |
| HTMLTemplateEscapingPassthrough.go:80:10:80:24 | call to UserAgent : string | semmle.label | call to UserAgent : string |
| HTMLTemplateEscapingPassthrough.go:83:38:83:40 | src | semmle.label | src |
#select
| HTMLTemplateEscapingPassthrough.go:29:39:29:39 | a | HTMLTemplateEscapingPassthrough.go:28:26:28:40 | call to UserAgent : string | HTMLTemplateEscapingPassthrough.go:29:39:29:39 | a | Data from an $@ will not be auto-escaped because it was $@ to template.HTML | HTMLTemplateEscapingPassthrough.go:28:26:28:40 | call to UserAgent | untrusted source | HTMLTemplateEscapingPassthrough.go:28:12:28:41 | type conversion | converted |
| HTMLTemplateEscapingPassthrough.go:35:40:35:40 | a | HTMLTemplateEscapingPassthrough.go:34:23:34:37 | call to UserAgent : string | HTMLTemplateEscapingPassthrough.go:35:40:35:40 | a | Data from an $@ will not be auto-escaped because it was $@ to template.HTML | HTMLTemplateEscapingPassthrough.go:34:23:34:37 | call to UserAgent | untrusted source | HTMLTemplateEscapingPassthrough.go:34:9:34:38 | type conversion | converted |
| HTMLTemplateEscapingPassthrough.go:40:40:40:40 | a | HTMLTemplateEscapingPassthrough.go:39:19:39:33 | call to UserAgent : string | HTMLTemplateEscapingPassthrough.go:40:40:40:40 | a | Data from an $@ will not be auto-escaped because it was $@ to template.HTML | HTMLTemplateEscapingPassthrough.go:39:19:39:33 | call to UserAgent | untrusted source | HTMLTemplateEscapingPassthrough.go:39:9:39:34 | type conversion | converted |
| HTMLTemplateEscapingPassthrough.go:46:41:46:41 | c | HTMLTemplateEscapingPassthrough.go:45:29:45:43 | call to UserAgent : string | HTMLTemplateEscapingPassthrough.go:46:41:46:41 | c | Data from an $@ will not be auto-escaped because it was $@ to template.HTMLAttr | HTMLTemplateEscapingPassthrough.go:45:29:45:43 | call to UserAgent | untrusted source | HTMLTemplateEscapingPassthrough.go:45:11:45:44 | type conversion | converted |
| HTMLTemplateEscapingPassthrough.go:50:44:50:44 | d | HTMLTemplateEscapingPassthrough.go:49:23:49:37 | call to UserAgent : string | HTMLTemplateEscapingPassthrough.go:50:44:50:44 | d | Data from an $@ will not be auto-escaped because it was $@ to template.JS | HTMLTemplateEscapingPassthrough.go:49:23:49:37 | call to UserAgent | untrusted source | HTMLTemplateEscapingPassthrough.go:49:11:49:38 | type conversion | converted |
| HTMLTemplateEscapingPassthrough.go:54:44:54:44 | e | HTMLTemplateEscapingPassthrough.go:53:26:53:40 | call to UserAgent : string | HTMLTemplateEscapingPassthrough.go:54:44:54:44 | e | Data from an $@ will not be auto-escaped because it was $@ to template.JSStr | HTMLTemplateEscapingPassthrough.go:53:26:53:40 | call to UserAgent | untrusted source | HTMLTemplateEscapingPassthrough.go:53:11:53:41 | type conversion | converted |
| HTMLTemplateEscapingPassthrough.go:58:38:58:38 | b | HTMLTemplateEscapingPassthrough.go:57:24:57:38 | call to UserAgent : string | HTMLTemplateEscapingPassthrough.go:58:38:58:38 | b | Data from an $@ will not be auto-escaped because it was $@ to template.CSS | HTMLTemplateEscapingPassthrough.go:57:24:57:38 | call to UserAgent | untrusted source | HTMLTemplateEscapingPassthrough.go:57:11:57:39 | type conversion | converted |
| HTMLTemplateEscapingPassthrough.go:62:44:62:44 | f | HTMLTemplateEscapingPassthrough.go:61:27:61:41 | call to UserAgent : string | HTMLTemplateEscapingPassthrough.go:62:44:62:44 | f | Data from an $@ will not be auto-escaped because it was $@ to template.Srcset | HTMLTemplateEscapingPassthrough.go:61:27:61:41 | call to UserAgent | untrusted source | HTMLTemplateEscapingPassthrough.go:61:11:61:42 | type conversion | converted |
| HTMLTemplateEscapingPassthrough.go:66:38:66:38 | g | HTMLTemplateEscapingPassthrough.go:65:24:65:38 | call to UserAgent : string | HTMLTemplateEscapingPassthrough.go:66:38:66:38 | g | Data from an $@ will not be auto-escaped because it was $@ to template.URL | HTMLTemplateEscapingPassthrough.go:65:24:65:38 | call to UserAgent | untrusted source | HTMLTemplateEscapingPassthrough.go:65:11:65:39 | type conversion | converted |
