| literals.go:5:15:9:1 | map literal | 0 | key | literals.go:6:2:6:10 | "decimal" |
| literals.go:5:15:9:1 | map literal | 0 | value | literals.go:6:17:6:18 | 42 |
| literals.go:5:15:9:1 | map literal | 1 | key | literals.go:7:2:7:8 | "octal" |
| literals.go:5:15:9:1 | map literal | 1 | value | literals.go:7:17:7:20 | 0600 |
| literals.go:5:15:9:1 | map literal | 2 | key | literals.go:8:2:8:14 | "hexadecimal" |
| literals.go:5:15:9:1 | map literal | 2 | value | literals.go:8:17:8:24 | 0xcaffee |
| literals.go:11:17:21:1 | slice literal | 0 | value | literals.go:12:2:12:3 | 0. |
| literals.go:11:17:21:1 | slice literal | 1 | value | literals.go:13:2:13:6 | 72.40 |
| literals.go:11:17:21:1 | slice literal | 2 | value | literals.go:14:2:14:7 | 072.40 |
| literals.go:11:17:21:1 | slice literal | 3 | value | literals.go:15:2:15:8 | 2.71828 |
| literals.go:11:17:21:1 | slice literal | 4 | value | literals.go:16:2:16:6 | 1.e+0 |
| literals.go:11:17:21:1 | slice literal | 5 | value | literals.go:17:2:17:12 | 6.67428e-11 |
| literals.go:11:17:21:1 | slice literal | 6 | value | literals.go:18:2:18:4 | 1E6 |
| literals.go:11:17:21:1 | slice literal | 7 | value | literals.go:19:2:19:4 | .25 |
| literals.go:11:17:21:1 | slice literal | 8 | value | literals.go:20:2:20:10 | .12345E+5 |
| literals.go:23:16:33:1 | slice literal | 0 | value | literals.go:24:2:24:3 | 0i |
| literals.go:23:16:33:1 | slice literal | 1 | value | literals.go:25:2:25:5 | 011i |
| literals.go:23:16:33:1 | slice literal | 2 | value | literals.go:26:2:26:4 | 0.i |
| literals.go:23:16:33:1 | slice literal | 3 | value | literals.go:27:2:27:9 | 2.71828i |
| literals.go:23:16:33:1 | slice literal | 4 | value | literals.go:28:2:28:7 | 1.e+0i |
| literals.go:23:16:33:1 | slice literal | 5 | value | literals.go:29:2:29:13 | 6.67428e-11i |
| literals.go:23:16:33:1 | slice literal | 6 | value | literals.go:30:2:30:5 | 1E6i |
| literals.go:23:16:33:1 | slice literal | 7 | value | literals.go:31:2:31:5 | .25i |
| literals.go:23:16:33:1 | slice literal | 8 | value | literals.go:32:2:32:11 | .12345E+5i |
| literals.go:35:16:47:1 | slice literal | 0 | value | literals.go:36:2:36:4 | 'a' |
| literals.go:35:16:47:1 | slice literal | 1 | value | literals.go:37:2:37:5 | '\u00e4' |
| literals.go:35:16:47:1 | slice literal | 2 | value | literals.go:38:2:38:6 | '\u672c' |
| literals.go:35:16:47:1 | slice literal | 3 | value | literals.go:39:2:39:5 | '\\t' |
| literals.go:35:16:47:1 | slice literal | 4 | value | literals.go:40:2:40:7 | '\\007' |
| literals.go:35:16:47:1 | slice literal | 5 | value | literals.go:41:2:41:7 | '\\377' |
| literals.go:35:16:47:1 | slice literal | 6 | value | literals.go:42:2:42:7 | '\\x07' |
| literals.go:35:16:47:1 | slice literal | 7 | value | literals.go:43:2:43:7 | '\\xff' |
| literals.go:35:16:47:1 | slice literal | 8 | value | literals.go:44:2:44:9 | '\\u12e4' |
| literals.go:35:16:47:1 | slice literal | 9 | value | literals.go:45:2:45:13 | '\\U00101234' |
| literals.go:35:16:47:1 | slice literal | 10 | value | literals.go:46:2:46:5 | '\\'' |
| literals.go:49:15:59:1 | slice literal | 0 | value | literals.go:50:2:50:6 | `abc` |
| literals.go:49:15:59:1 | slice literal | 1 | value | literals.go:51:2:52:3 | `\\n,\n\\n` |
| literals.go:49:15:59:1 | slice literal | 2 | value | literals.go:53:2:53:5 | "\\n" |
| literals.go:49:15:59:1 | slice literal | 3 | value | literals.go:54:2:54:5 | "\\"" |
| literals.go:49:15:59:1 | slice literal | 4 | value | literals.go:55:2:55:18 | "Hello, world!\\n" |
| literals.go:49:15:59:1 | slice literal | 5 | value | literals.go:56:2:56:12 | "\u65e5\u672c\u8a9e" |
| literals.go:49:15:59:1 | slice literal | 6 | value | literals.go:57:2:57:22 | "\\u65e5\u672c\\U00008a9e" |
| literals.go:49:15:59:1 | slice literal | 7 | value | literals.go:58:2:58:13 | "\\xff\\u00FF" |
